
> valcore@0.1.0 build
> next build

Γû▓ Next.js 16.2.2 (Turbopack)

  Creating an optimized production build ...
node.exe : 
At C:\Program 
Files\nodejs\npm.ps1:29 
char:3
+   & $NODE_EXE 
$NPM_CLI_JS $args
+   ~~~~~~~~~~~~~~~~~~~~~~
~~~~~~~
    + CategoryInfo        
      : NotSpecified: (:  
  String) [], RemoteExc   
 eption
    + FullyQualifiedError 
   Id : NativeCommandErr  
  or
 
> Build error occurred
Error: Turbopack build 
failed with 2 errors:
./src/components/Services.
tsx:4:1
Export LayoutCode doesn't 
exist in target module
  [90m2 |[0m
  [90m3 |[0m 
[36mimport[0m { motion 
} [36mfrom[0m 
[32m"framer-motion"[0m;
[31m[1m>[0m [90m4 
|[0m [36mimport[0m { 
[33mLayoutCode[0m, 
[33mPanelsTopLeft[0m, 
[33mGraduationCap[0m, 
[33mMonitorCog[0m } 
[36mfrom[0m 
[32m"lucide-react"[0m;
  [90m  |[0m [31m[1m^^
^^^^^^^^^^^^^^^^^^^^^^^^^^
^^^^^^^^^^^^^^^^^^^^^^^^^^
^^^^^^^^^^^^^^^^^^^^^^^^^^
^^^^[0m
  [90m5 |[0m
  [90m6 |[0m 
[36mexport[0m 
[36mdefault[0m 
[36mfunction[0m 
[33mServices[0m() {
  [90m7 |[0m   
[36mconst[0m services = 
[

The export LayoutCode was 
not found in module [proje
ct]/node_modules/lucide-re
act/dist/esm/lucide-react.
js [app-client] 
(ecmascript).
Did you mean to import 
Layout?
All exports of the module 
are statically known (It 
doesn't have dynamic 
exports). So it's known 
statically that the 
requested export doesn't 
exist.

Import trace:
  Server Component:
    ./src/components/Servi
ces.tsx
    ./src/app/page.tsx


./src/components/Services.
tsx:4:1
Export LayoutCode doesn't 
exist in target module
  [90m2 |[0m
  [90m3 |[0m 
[36mimport[0m { motion 
} [36mfrom[0m 
[32m"framer-motion"[0m;
[31m[1m>[0m [90m4 
|[0m [36mimport[0m { 
[33mLayoutCode[0m, 
[33mPanelsTopLeft[0m, 
[33mGraduationCap[0m, 
[33mMonitorCog[0m } 
[36mfrom[0m 
[32m"lucide-react"[0m;
  [90m  |[0m [31m[1m^^
^^^^^^^^^^^^^^^^^^^^^^^^^^
^^^^^^^^^^^^^^^^^^^^^^^^^^
^^^^^^^^^^^^^^^^^^^^^^^^^^
^^^^[0m
  [90m5 |[0m
  [90m6 |[0m 
[36mexport[0m 
[36mdefault[0m 
[36mfunction[0m 
[33mServices[0m() {
  [90m7 |[0m   
[36mconst[0m services = 
[

The export LayoutCode was 
not found in module [proje
ct]/node_modules/lucide-re
act/dist/esm/lucide-react.
js [app-ssr] (ecmascript).
Did you mean to import 
Layout?
All exports of the module 
are statically known (It 
doesn't have dynamic 
exports). So it's known 
statically that the 
requested export doesn't 
exist.

Import trace:
  Server Component:
    ./src/components/Servi
ces.tsx
    ./src/app/page.tsx


    at <unknown> (./src/co
mponents/Services.tsx:4:1)
    at <unknown> (./src/co
mponents/Services.tsx:4:1)
